counts[] = http://sourceforge.net/projects/controltier, 10363
counts[] = http://sourceforge.net/projects/benerator, 6731
counts[] = http://sourceforge.net/projects/pulse-java, 2755
counts[] = http://sourceforge.net/projects/inforama, 2304
counts[] = http://sourceforge.net/projects/gracelets, 2121
counts[] = http://sourceforge.net/projects/snipsnap, 2030
counts[] = http://sourceforge.net/projects/gwanted, 1848
counts[] = http://sourceforge.net/projects/openwms2005, 1843
counts[] = http://sourceforge.net/projects/xemeiah, 796
counts[] = http://sourceforge.net/projects/dmventure, 789
countsJava[] = 493
countsTotal[] = 7029
